{
  "from": "./bundles-v0.19.0",
  "to": "./recipe.yaml",
  "deployer": "argocd",
  "objectNamesCompared": true,
  "components": [
    {
      "component": "chi-operator",
      "change": "identity",
      "from": "0.19.0",
      "to": "0.19.0",
      "identityChanges": [
        {
          "field": "fullnameOverride",
          "from": "legacy-operator",
          "to": ""
        }
      ],
      "verdict": "unknown",
      "notes": "0.19.0 unchanged, no record covers a rename",
      "reason": "identity-changed",
      "explanation": "chi-operator stays at 0.19.0, but its fullnameOverride is no longer set, dropping legacy-operator. Transition records assess version boundaries, so none assesses a change of identity. Renaming the objects a chart owns is applied as delete-and-recreate, so expect a service gap, and an orphan for anything referenced by name or not owned by the release. Where the moved key changes the selector labels of an object whose name does not change, for example nameOverride moving while fullnameOverride is pinned, spec.selector is immutable and the upgrade fails outright instead. Make the change deliberately, then re-run this check.",
      "breaking": false,
      "downgrade": false,
      "failsRun": true
    },
    {
      "component": "iota-operator",
      "change": "version",
      "from": "0.17.2",
      "to": "0.18.1",
      "identityChanges": [
        {
          "field": "fullnameOverride",
          "from": "legacy-iota",
          "to": ""
        }
      ],
      "verdict": "manual",
      "notes": "1 minor, 1 step, manual across 3 minors, fullnameOverride legacy-iota -\u003e (unset)",
      "reason": "recorded",
      "explanation": "recorded manual: the record covering 0.18.0 describes the move from 0.17.2 to 0.18.1. Follow the steps below, then apply",
      "jump": "1 minor",
      "covers": "3 minors",
      "breaking": true,
      "downgrade": false,
      "summary": "The webhook is renamed; existing objects are adopted by a mirror.",
      "precondition": "No object is mid-rollout.",
      "steps": [
        {
          "id": "adopt-objects",
          "description": "Let the mirror finish before removing the legacy objects."
        }
      ],
      "failsRun": true
    },
    {
      "component": "omega-operator",
      "change": "identity",
      "from": "2.0.0",
      "to": "2.0.0",
      "identityChanges": [
        {
          "field": "grafana.fullnameOverride",
          "from": "grafana",
          "to": "omega-grafana"
        }
      ],
      "verdict": "unknown",
      "notes": "2.0.0 unchanged, no record covers a rename",
      "reason": "identity-changed",
      "explanation": "omega-operator stays at 2.0.0, but its grafana.fullnameOverride moves from grafana to omega-grafana. Transition records assess version boundaries, so none assesses a change of identity. Renaming the objects a chart owns is applied as delete-and-recreate, so expect a service gap, and an orphan for anything referenced by name or not owned by the release. Where the moved key changes the selector labels of an object whose name does not change, for example nameOverride moving while fullnameOverride is pinned, spec.selector is immutable and the upgrade fails outright instead. Make the change deliberately, then re-run this check.",
      "breaking": false,
      "downgrade": false,
      "failsRun": true
    },
    {
      "component": "psi-operator",
      "change": "identity",
      "from": "1.0.0",
      "to": "1.0.0",
      "identityChanges": [
        {
          "field": "fullnameOverride",
          "from": "",
          "to": "psi"
        }
      ],
      "verdict": "unknown",
      "notes": "1.0.0 unchanged, no record covers a rename",
      "reason": "identity-changed",
      "explanation": "psi-operator stays at 1.0.0, but its fullnameOverride is now set to psi. Transition records assess version boundaries, so none assesses a change of identity. Renaming the objects a chart owns is applied as delete-and-recreate, so expect a service gap, and an orphan for anything referenced by name or not owned by the release. Where the moved key changes the selector labels of an object whose name does not change, for example nameOverride moving while fullnameOverride is pinned, spec.selector is immutable and the upgrade fails outright instead. Make the change deliberately, then re-run this check.",
      "breaking": false,
      "downgrade": false,
      "failsRun": true
    },
    {
      "component": "theta-operator",
      "change": "version",
      "from": "1.4.0",
      "to": "1.4.2",
      "identityChanges": [
        {
          "field": "nameOverride",
          "from": "theta",
          "to": "theta-new"
        }
      ],
      "verdict": "unknown",
      "notes": "2 patches, nameOverride theta -\u003e theta-new",
      "reason": "identity-changed",
      "explanation": "the move from 1.4.0 to 1.4.2 is recorded safe, but its nameOverride moves from theta to theta-new, and no record assessed that. Transition records assess version boundaries, so none assesses a change of identity. Renaming the objects a chart owns is applied as delete-and-recreate, so expect a service gap, and an orphan for anything referenced by name or not owned by the release. Where the moved key changes the selector labels of an object whose name does not change, for example nameOverride moving while fullnameOverride is pinned, spec.selector is immutable and the upgrade fails outright instead. Make the change deliberately, then re-run this check.",
      "jump": "2 patches",
      "covers": "1 minor",
      "breaking": false,
      "downgrade": false,
      "summary": "Patch releases only.",
      "failsRun": true
    }
  ],
  "summary": {
    "components": 5,
    "failing": 5
  },
  "atRisk": {
    "scanned": false,
    "reason": "no cluster access requested"
  }
}
