UPGRADE CHECK
  from      ./bundles-v0.16.0
  to        ./bundles-v0.17.0
  deployer  helm

COMPONENT       FROM   TO     VERDICT  NOTES
---------       ----   --     -------  -----
alpha-operator  1.2.0  1.2.3  safe     3 patches, verified, safe across 1 minor

AT RISK (advisory)
  Objects of the kinds the crossed transition records name that carry neither
  Helm nor Argo CD ownership. AICR does not manage them and cannot restore
  them; removing a CRD takes its objects with it. Advisory only: this never
  changes the exit code.

  not scanned: no cluster access requested

1 component change, 0 need attention
